// Jest Snapshot v1, https://goo.gl/fbAQLP

exports[`renders correct button component 1`] = `
<View
  accessibilityComponentType={undefined}
  accessibilityLabel={undefined}
  accessibilityTraits={undefined}
  accessible={true}
  collapsable={undefined}
  hasTVPreferredFocus={undefined}
  hitSlop={undefined}
  isTVSelectable={true}
  nativeID={undefined}
  onLayout={undefined}
  onResponderGrant={[Function]}
  onResponderMove={[Function]}
  onResponderRelease={[Function]}
  onResponderTerminate={[Function]}
  onResponderTerminationRequest={[Function]}
  onStartShouldSetResponder={[Function]}
  style={
    Object {
      "alignItems": "center",
      "backgroundColor": "red",
      "borderRadius": 3,
      "margin": 5,
      "opacity": 1,
      "paddingHorizontal": 20,
      "paddingVertical": 10,
    }
  }
  testID={undefined}
  tvParallaxProperties={undefined}
>
  <Text
    accessible={true}
    allowFontScaling={true}
    ellipsizeMode="tail"
    style={
      Array [
        Object {
          "fontSize": 16,
          "fontWeight": "bold",
        },
        Object {
          "color": "white",
        },
      ]
    }
  >
    button
  </Text>
</View>
`;
